=== Device boot ===
31063(device5_intouch.log): 2014-01-26 09:55:07 Boot Start
31176(device5_intouch.log): 2014-01-26 09:58:04 Boot Completed
	Boot Time: 177000ms 

=== Device boot ===
31274(device5_intouch.log): 2014-01-26 12:15:18 Boot Start
**** Incomplete boot **** 

=== Device boot ===
31293(device5_intouch.log): 2014-01-26 14:02:39 Boot Start
31401(device5_intouch.log): 2014-01-26 14:05:24 Boot Completed
	Boot Time: 165000ms 

=== Device boot ===
32623(device5_intouch.log): 2014-01-27 12:27:55 Boot Start
**** Incomplete boot **** 

=== Device boot ===
32641(device5_intouch.log): 2014-01-27 12:30:23 Boot Start
**** Incomplete boot **** 

=== Device boot ===
32656(device5_intouch.log): 2014-01-27 12:32:51 Boot Start
**** Incomplete boot **** 

=== Device boot ===
32674(device5_intouch.log): 2014-01-27 12:35:19 Boot Start
**** Incomplete boot **** 

=== Device boot ===
32693(device5_intouch.log): 2014-01-27 14:02:38 Boot Start
32801(device5_intouch.log): 2014-01-27 14:05:21 Boot Completed
	Boot Time: 163000ms 

=== Device boot ===
33709(device5_intouch.log): 2014-01-28 12:44:17 Boot Start
**** Incomplete boot **** 

=== Device boot ===
33725(device5_intouch.log): 2014-01-28 14:02:33 Boot Start
33833(device5_intouch.log): 2014-01-28 14:05:15 Boot Completed
	Boot Time: 162000ms 

=== Device boot ===
34594(device5_intouch.log): 2014-01-29 12:43:07 Boot Start
**** Incomplete boot **** 

=== Device boot ===
34613(device5_intouch.log): 2014-01-29 14:02:35 Boot Start
34721(device5_intouch.log): 2014-01-29 14:05:19 Boot Completed
	Boot Time: 164000ms 

=== Device boot ===
37428(device5_intouch.log): 2014-01-30 12:43:05 Boot Start
**** Incomplete boot **** 

=== Device boot ===
37447(device5_intouch.log): 2014-01-30 14:02:40 Boot Start
37555(device5_intouch.log): 2014-01-30 14:05:22 Boot Completed
	Boot Time: 162000ms 

=== Device boot ===
38258(device5_intouch.log): 2014-01-31 14:02:33 Boot Start
38366(device5_intouch.log): 2014-01-31 14:05:16 Boot Completed
	Boot Time: 163000ms 

=== Device boot ===
39150(device5_intouch.log): 2014-02-01 12:39:38 Boot Start
**** Incomplete boot **** 

=== Device boot ===
39166(device5_intouch.log): 2014-02-01 12:42:07 Boot Start
**** Incomplete boot **** 

=== Device boot ===
39182(device5_intouch.log): 2014-02-01 14:02:32 Boot Start
39290(device5_intouch.log): 2014-02-01 14:05:16 Boot Completed
	Boot Time: 164000ms 

=== Device boot ===
40288(device5_intouch.log): 2014-02-02 14:02:39 Boot Start
40397(device5_intouch.log): 2014-02-02 14:05:31 Boot Completed
	Boot Time: 172000ms 

=== Device boot ===
41615(device5_intouch.log): 2014-02-03 12:35:55 Boot Start
**** Incomplete boot **** 

=== Device boot ===
41633(device5_intouch.log): 2014-02-03 12:38:22 Boot Start
**** Incomplete boot **** 

=== Device boot ===
41648(device5_intouch.log): 2014-02-03 12:40:48 Boot Start
**** Incomplete boot **** 

=== Device boot ===
41666(device5_intouch.log): 2014-02-03 12:43:17 Boot Start
**** Incomplete boot **** 

=== Device boot ===
41684(device5_intouch.log): 2014-02-03 12:45:46 Boot Start
**** Incomplete boot **** 

=== Device boot ===
41694(device5_intouch.log): 2014-02-03 14:02:34 Boot Start
41802(device5_intouch.log): 2014-02-03 14:05:18 Boot Completed
	Boot Time: 164000ms 
