Edit distance = 160
A A 0
G G 0
C C 0
T T 0
T T 0
T T 0
T T 0
C C 0
A A 0
T T 0
T T 0
C C 0
T T 0
G G 0
A A 0
C C 0
T T 0
G G 0
C C 0
A A 0
A A 0
C C 0
G G 0
G G 0
G G 0
C C 0
A A 0
A A 0
T T 0
A A 0
T T 0
G G 0
T T 0
C C 0
T T 0
C C 0
T T 0
G G 0
T T 0
G G 0
T T 0
G G 0
G G 0
A A 0
T T 0
T T 0
A A 0
A A 0
A A 0
A A 0
A A 0
A A 0
A A 0
G G 0
A A 0
G G 0
T T 0
G C 1
T T 0
C C 0
T T 0
G G 0
A A 0
T C 1
A A 0
G G 0
C C 0
A A 0
G G 0
C C 0
T T 0
T T 0
C C 0
T T 0
G G 0
A A 0
A A 0
C C 0
T T 0
G G 0
G G 0
T T 0
T T 0
A A 0
C C 0
C C 0
T T 0
G G 0
C C 0
C C 0
G G 0
T T 0
G G 0
A A 0
G G 0
T T 0
A A 0
A A 0
A A 0
T T 0
T T 0
A A 0
A A 0
A A 0
A A 0
T T 0
T T 0
T T 0
T T 0
A A 0
T T 0
T T 0
G G 0
A A 0
C C 0
T T 0
T T 0
A A 0
G G 0
G G 0
T T 0
C C 0
A A 0
C C 0
T T 0
A A 0
A A 0
A A 0
T T 0
A A 0
C C 0
T T 0
T T 0
T T 0
A A 0
A A 0
C C 0
C C 0
A A 0
A A 0
T T 0
A A 0
T T 0
A A 0
G G 0
G G 0
C C 0
A A 0
T T 0
A A 0
G G 0
C C 0
G G 0
C C 0
A A 0
C C 0
A A 0
G G 0
A A 0
C C 0
A A 0
G G 0
A A 0
T T 0
A A 0
A A 0
A A 0
A A 0
A A 0
T T 0
T T 0
A A 0
C C 0
A A 0
G G 0
A A 0
G G 0
T T 0
A A 0
C C 0
A A 0
C C 0
A A 0
A A 0
C C 0
A A 0
T T 0
C C 0
C C 0
A A 0
T T 0
G G 0
A A 0
A A 0
A A 0
C C 0
G G 0
C C 0
A A 0
T T 0
T T 0
A A 0
G G 0
C C 0
A A 0
C C 0
C C 0
A A 0
C C 0
C C 0
A A 0
T T 0
T T 0
A A 0
C C 0
C C 0
A A 0
C C 0
C C 0
A A 0
C C 0
C C 0
A A 0
T T 0
C C 0
A A 0
C C 0
C C 0
A A 0
- C 2
- C 2
- A 2
- C 2
- C 2
- A 2
T T 0
- C 2
- A 2
- C 2
- C 2
- A 2
T T 0
- T 2
A A 0
C C 0
C C 0
A A 0
- T 2
- T 2
- A 2
C C 0
- C 2
A A 0
- C 2
- A 2
G G 0
G G 0
T T 0
A A 0
A A 0
C C 0
G G 0
G G 0
T T 0
G G 0
C C 0
G G 0
G G 0
G G 0
C C 0
T T 0
G G 0
A A 0
C C 0
G G 0
C C 0
G G 0
T T 0
A A 0
C C 0
A A 0
G G 0
G G 0
A A 0
A A 0
A A 0
C C 0
A A 0
C C 0
A A 0
G G 0
A A 0
A A 0
A A 0
A A 0
A A 0
A A 0
G G 0
C C 0
C C 0
C C 0
G G 0
C C 0
A A 0
C C 0
C C 0
T T 0
G G 0
A A 0
C C 0
A A 0
G G 0
T T 0
G G 0
C C 0
G G 0
G G 0
G G 0
C C 0
T T 0
T T 0
T T 0
T T 0
T T 0
T T 0
T T 0
T T 0
T - 2
C C 0
G G 0
A A 0
C C 0
C C 0
A A 0
A A 0
A A 0
G G 0
G G 0
T T 0
A A 0
A A 0
C C 0
G G 0
A A 0
G G 0
G G 0
T T 0
A A 0
A A 0
C C 0
A A 0
A A 0
C C 0
C C 0
A A 0
T T 0
G G 0
C C 0
G G 0
A A 0
G G 0
T T 0
G G 0
T T 0
T T 0
G G 0
A A 0
A A 0
G G 0
T T 0
T T 0
C C 0
G G 0
G G 0
C C 0
G G 0
G G 0
T T 0
A A 0
C C 0
A A 0
T T 0
C C 0
A A 0
G G 0
T T 0
G G 0
G G 0
C C 0
A A 0
A A 0
A A 0
T T 0
G G 0
C C 0
A A 0
G G 0
A A 0
A A 0
C C 0
G G 0
T T 0
T T 0
T T 0
T T 0
C C 0
T T 0
G G 0
C C 0
G G 0
T G 1
G G 0
T T 0
T T 0
G G 0
C C 0
C C 0
G G 0
A A 0
T T 0
A A 0
T T 0
T T 0
C C 0
T T 0
G G 0
G G 0
A A 0
A A 0
A A 0
G G 0
C C 0
A A 0
A A 0
T T 0
G G 0
C C 0
C C 0
A A 0
G G 0
G G 0
C C 0
A A 0
G G 0
G G 0
G G 0
G G 0
C C 0
A A 0
G G 0
G G 0
T T 0
G G 0
G G 0
C C 0
C C 0
A A 0
C C 0
C C 0
G G 0
T T 0
C C 0
C C 0
T T 0
C C 0
T T 0
C C 0
T T 0
G G 0
C C 0
C C 0
C C 0
C C 0
C C 0
G G 0
C C 0
C C 0
A A 0
A A 0
A A 0
A A 0
T T 0
C C 0
A A 0
C C 0
C C 0
A A 0
A A 0
C C 0
C C 0
A A 0
C C 0
C C 0
T T 0
G G 0
G G 0
T T 0
G G 0
G G 0
C C 0
G G 0
A A 0
T T 0
G G 0
A A 0
T T 0
T T 0
G G 0
A A 0
A A 0
A A 0
A A 0
A A 0
A A 0
C C 0
C C 0
A A 0
T T 0
T T 0
A A 0
G G 0
C C 0
G G 0
G G 0
C C 0
C C 0
A A 0
G G 0
G G 0
A A 0
T T 0
G G 0
C C 0
T T 0
T T 0
T T 0
A A 0
C C 0
C C 0
C C 0
A A 0
A A 0
T T 0
A A 0
T T 0
C C 0
A A 0
G G 0
C C 0
G G 0
A A 0
T T 0
G G 0
C C 0
C C 0
G G 0
A A 0
A A 0
C C 0
G G 0
T T 0
A A 0
T T 0
T T 0
T T 0
T T 0
T T 0
G G 0
C C 0
C C 0
G G 0
A A 0
A A 0
C C 0
T T 0
T T 0
T C 1
T T 0
G G 0
A A 0
C C 0
G G 0
G G 0
G G 0
A A 0
C C 0
T T 0
C C 0
G G 0
C C 0
C C 0
G G 0
C C 0
C C 0
G G 0
C C 0
C C 0
C C 0
A A 0
G G 0
C C 0
C C 0
G G 0
G G 0
G G 0
G A 1
T T 0
T T 0
C C 0
C C 0
C C 0
G G 0
C C 0
T T 0
G G 0
G G 0
C C 0
G G 0
C C 0
A A 0
A A 0
T T 0
T T 0
G G 0
A A 0
A A 0
A A 0
A A 0
C C 0
T T 0
T T 0
T T 0
C C 0
G G 0
T T 0
C C 0
G G 0
A A 0
T C 1
C C 0
A A 0
G G 0
G G 0
A A 0
A A 0
T T 0
T T 0
T T 0
G G 0
C C 0
C C 0
C C 0
A A 0
A A 0
A A 0
T T 0
A A 0
A A 0
A A 0
A A 0
C C 0
A A 0
T T 0
G G 0
T T 0
C C 0
C C 0
T T 0
G G 0
C C 0
A A 0
T T 0
G G 0
G G 0
C C 0
A A 0
T T 0
T T 0
A A 0
G G 0
T T 0
T T 0
T T 0
G G 0
T T 0
T T 0
G A 1
G G 0
G G 0
G G 0
C C 0
A A 0
G G 0
T T 0
G G 0
C C 0
C C 0
C C 0
G G 0
G G 0
A A 0
T T 0
A A 0
G G 0
C C 0
A A 0
T T 0
C T 1
A A 0
A A 0
C C 0
G G 0
C C 0
T T 0
G G 0
C C 0
G G 0
C C 0
T T 0
G G 0
A A 0
T T 0
T T 0
T T 0
G G 0
C C 0
C C 0
G G 0
T T 0
G G 0
G G 0
C C 0
G G 0
A A 0
G G 0
A A 0
A A 0
A A 0
A A 0
T T 0
G G 0
T T 0
C C 0
G G 0
A A 0
T T 0
C C 0
G G 0
C C 0
C C 0
A A 0
T T 0
T T 0
A A 0
T T 0
G G 0
G G 0
C C 0
C C 0
G G 0
G G 0
C C 0
G G 0
T T 0
A A 0
T T 0
T T 0
A A 0
G G 0
A A 0
A A 0
G G 0
C C 0
G G 0
C C 0
G G 0
C C 0
G G 0
G G 0
T T 0
C C 0
A A 0
C C 0
A A 0
A A 0
C C 0
G G 0
T T 0
T T 0
A A 0
C C 0
T C 1
G G 0
T T 0
T T 0
A A 0
T T 0
C C 0
G G 0
A A 0
T T 0
C C 0
C C 0
G G 0
G G 0
T T 0
C C 0
G G 0
A A 0
A A 0
A A 0
A A 0
A A 0
C C 0
T T 0
G G 0
C C 0
T T 0
G G 0
G G 0
C C 0
A A 0
G G 0
T T 0
G G 0
G G 0
G G 0
G G 0
C C 0
A A 0
T T 0
T T 0
A A 0
C C 0
C C 0
T T 0
C C 0
G G 0
A A 0
A A 0
T T 0
C C 0
T T 0
A A 0
C C 0
C T 1
G G 0
T T 0
C C 0
G G 0
A A 0
T T 0
A A 0
T T 0
T T 0
G G 0
C C 0
T A 1
G G 0
A A 0
G G 0
T T 0
C C 0
C C 0
A A 0
C C 0
C C 0
C C 0
G G 0
C C 0
C C 0
G G 0
T T 0
A A 0
T T 0
T T 0
G G 0
C C 0
G G 0
G G 0
C C 0
A A 0
A A 0
G G 0
C T 1
C C 0
G G 0
C T 1
A A 0
T T 0
T T 0
C C 0
C C 0
G G 0
G G 0
C C 0
T T 0
G G 0
A A 0
T T 0
C C 0
A A 0
C C 0
A A 0
T T 0
G G 0
G G 0
T T 0
G G 0
C C 0
T T 0
G G 0
A A 0
T T 0
G G 0
G G 0
C C 0
A A 0
G G 0
G G 0
T T 0
T T 0
T T 0
C C 0
A A 0
C C 0
C C 0
G G 0
C C 0
C C 0
G G 0
G G 0
T T 0
A A 0
A A 0
T T 0
G G 0
A A 0
A A 0
A A 0
A A 0
A A 0
G G 0
G G 0
C C 0
G G 0
A A 0
A A 0
C C 0
T T 0
G G 0
G G 0
T T 0
G G 0
G G 0
T T 0
G A 1
C C 0
T T 0
T T 0
G G 0
G G 0
A A 0
C C 0
G G 0
C C 0
A A 0
A A 0
C C 0
G G 0
G G 0
T T 0
T T 0
C C 0
C C 0
G G 0
A A 0
C C 0
T T 0
A A 0
C C 0
T T 0
C C 0
T C 1
G G 0
C C 0
T G 1
G G 0
C C 0
G G 0
G G 0
T T 0
G G 0
C C 0
T T 0
G G 0
G G 0
C C 0
T T 0
G G 0
C C 0
C C 0
T T 0
G G 0
T T 0
T T 0
T T 0
A A 0
C C 0
G G 0
C C 0
G G 0
C C 0
C C 0
G G 0
A A 0
T T 0
T T 0
G G 0
T T 0
T T 0
G G 0
C C 0
G G 0
A A 0
G G 0
A A 0
T T 0
T T 0
T T 0
G G 0
G G 0
A A 0
C C 0
G G 0
G G 0
A A 0
C C 0
G G 0
T T 0
T T 0
G G 0
A A 0
C C 0
G G 0
G G 0
G G 0
G G 0
T T 0
C A 1
T T 0
A A 0
T T 0
A A 0
C C 0
C C 0
T T 0
G G 0
C C 0
G G 0
A A 0
C C 0
C C 0
C C 0
G G 0
C C 0
G G 0
T T 0
C C 0
A A 0
G G 0
G G 0
T T 0
G G 0
C C 0
C C 0
C C 0
G G 0
A A 0
T T 0
G G 0
C C 0
G G 0
A A 0
G G 0
G G 0
T T 0
T T 0
G G 0
T T 0
T T 0
G G 0
A A 0
A A 0
G A 1
T T 0
C C 0
G G 0
A A 0
T T 0
G G 0
T T 0
C C 0
C C 0
T T 0
A A 0
C C 0
C C 0
A A 0
G G 0
G G 0
A A 0
A A 0
G G 0
C C 0
G G 0
A A 0
T T 0
G G 0
G G 0
A A 0
G G 0
C C 0
T T 0
T T 0
T T 0
C C 0
C C 0
T T 0
A A 0
C C 0
T T 0
T T 0
C C 0
G G 0
G G 0
C C 0
G G 0
C C 0
T T 0
A A 0
A A 0
A A 0
G G 0
T T 0
T T 0
C C 0
T T 0
T T 0
C C 0
A A 0
C C 0
C C 0
C C 0
C C 0
C C 0
G G 0
C C 0
A A 0
C C 0
C C 0
A A 0
T T 0
T T 0
A A 0
C C 0
C C 0
C C 0
C C 0
C C 0
A A 0
T T 0
C C 0
G G 0
C C 0
C C 0
C C 0
A A 0
G G 0
T T 0
T T 0
C C 0
C C 0
A A 0
G G 0
A A 0
T T 0
C C 0
C C 0
C C 0
T T 0
T T 0
G G 0
C C 0
C C 0
T T 0
G G 0
A A 0
T T 0
T T 0
A A 0
A A 0
A A 0
A A 0
A A 0
T T 0
A A 0
C C 0
C C 0
G G 0
G G 0
A A 0
A A 0
A A 0
T T 0
C C 0
C C 0
T T 0
C C 0
A A 0
A A 0
G G 0
C C 0
A T 1
C C 0
C C 0
A A 0
G G 0
G G 0
T T 0
A A 0
C C 0
G G 0
C C 0
T T 0
C C 0
A A 0
T T 0
T T 0
G G 0
G G 0
T T 0
G G 0
C C 0
C C 0
A A 0
G G 0
C T 1
C C 0
G G 0
T T 0
G G 0
A A 0
T T 0
G G 0
A A 0
A A 0
G G 0
A A 0
C C 0
G G 0
A A 0
A A 0
T T 0
T T 0
A A 0
C C 0
C C 0
G G 0
G G 0
T T 0
C C 0
A A 0
A A 0
G G 0
G G 0
G G 0
C C 0
A A 0
T T 0
T T 0
T T 0
C C 0
C C 0
A A 0
A A 0
T T 0
C C 0
T T 0
G G 0
A A 0
A A 0
T T 0
A A 0
A A 0
C T 1
A A 0
T T 0
G G 0
G G 0
C C 0
A A 0
A A 0
T T 0
G G 0
T T 0
T T 0
C C 0
A A 0
G G 0
C C 0
G G 0
T T 0
T T 0
T T 0
C C 0
T C 1
G G 0
G G 0
T C 1
C C 0
C C 0
G G 0
G G 0
G G 0
G G 0
A A 0
T T 0
G G 0
A A 0
A A 0
A A 0
G G 0
G G 0
G A 1
A A 0
T T 0
G G 0
G G 0
T T 0
C C 0
G G 0
G G 0
C C 0
A A 0
T T 0
G G 0
G G 0
C C 0
G G 0
G G 0
C C 0
G G 0
C C 0
G G 0
C C 0
G G 0
T T 0
C C 0
T T 0
T T 0
T T 0
G G 0
C C 0
A T 1
G G 0
C C 0
G A 1
A A 0
T T 0
G G 0
T T 0
C C 0
A A 0
C C 0
G G 0
C C 0
G G 0
C C 0
C C 0
C C 0
G G 0
T T 0
A A 0
T T 0
T T 0
T T 0
C C 0
C C 0
G G 0
T T 0
G G 0
G G 0
T T 0
G G 0
C C 0
T T 0
G G 0
A A 0
T T 0
T T 0
A A 0
C C 0
G G 0
C C 0
A A 0
A A 0
T T 0
C C 0
A A 0
T T 0
C C 0
T T 0
T T 0
C C 0
C C 0
G G 0
A A 0
A A 0
T T 0
A A 0
C C 0
A A 0
G G 0
C T 1
A A 0
T T 0
C C 0
A A 0
G G 0
T T 0
T T 0
T T 0
C C 0
T T 0
G G 0
C C 0
G G 0
T T 0
T T 0
C C 0
C C 0
A G 1
C C 0
A A 0
A A 0
A A 0
G G 0
C C 0
G G 0
A A 0
C C 0
T T 0
G G 0
T T 0
G G 0
T T 0
G G 0
C C 0
G G 0
A A 0
G G 0
C C 0
T T 0
G G 0
A A 0
A A 0
C C 0
G G 0
G G 0
G G 0
C C 0
A A 0
A A 0
T T 0
G G 0
C C 0
A A 0
G G 0
G G 0
A A 0
A A 0
G G 0
A A 0
G G 0
T T 0
T T 0
C C 0
T T 0
A A 0
C C 0
C C 0
T T 0
G G 0
G G 0
A A 0
A A 0
C C 0
T T 0
G G 0
A A 0
A A 0
A A 0
G G 0
A A 0
A A 0
G G 0
G G 0
C C 0
T T 0
T T 0
A A 0
C C 0
T T 0
G G 0
G G 0
A A 0
G G 0
C C 0
C C 0
G G 0
C C 0
T T 0
G G 0
G G 0
C C 0
A G 1
G G 0
T T 0
G G 0
A A 0
C C 0
G G 0
G G 0
A A 0
A A 0
C C 0
G G 0
G G 0
C C 0
T T 0
G G 0
G G 0
C C 0
C C 0
A A 0
T T 0
T T 0
A A 0
T T 0
C C 0
T T 0
C C 0
G G 0
G G 0
T T 0
G G 0
G G 0
T T 0
A A 0
G G 0
G G 0
T T 0
G G 0
A A 0
T T 0
G G 0
G G 0
T T 0
A A 0
T T 0
G G 0
C C 0
G G 0
C C 0
A A 0
C C 0
C C 0
T T 0
T T 0
G G 0
C C 0
G G 0
T T 0
G G 0
G G 0
G G 0
A A 0
T T 0
C C 0
T T 0
C C 0
G G 0
G G 0
C C 0
G G 0
A A 0
A A 0
A A 0
T T 0
T T 0
C C 0
T T 0
T T 0
T T 0
G G 0
C C 0
C C 0
G G 0
C C 0
A G 1
C C 0
T T 0
G G 0
G G 0
C C 0
C C 0
C C 0
G G 0
C C 0
G G 0
C C 0
C C 0
A A 0
A A 0
T T 0
A A 0
T T 0
C C 0
A A 0
A A 0
C C 0
A A 0
T T 0
T T 0
G G 0
T T 0
C C 0
G G 0
C C 0
C T 1
A A 0
T T 0
T T 0
G G 0
C C 0
T T 0
C C 0
A A 0
G G 0
G G 0
G G 0
A A 0
T T 0
C C 0
T T 0
T T 0
C C 0
T T 0
G G 0
A A 0
A A 0
C C 0
G G 0
C C 0
T T 0
C C 0
A A 0
A A 0
T T 0
C C 0
T T 0
C C 0
T T 0
G G 0
T T 0
C C 0
G G 0
T T 0
G G 0
G G 0
T T 0
A A 0
A A 0
A A 0
T T 0
A A 0
A A 0
C C 0
G G 0
A A 0
T T 0
G G 0
A A 0
T T 0
G G 0
C C 0
G G 0
A A 0
C C 0
C C 0
A A 0
C C 0
T T 0
G G 0
G G 0
C C 0
G G 0
T T 0
G G 0
C C 0
G G 0
C C 0
G G 0
T T 0
T T 0
A A 0
C C 0
T T 0
C C 0
A A 0
T T 0
C C 0
A A 0
G G 0
A A 0
T T 0
G G 0
C C 0
T T 0
G G 0
T T 0
T T 0
C C 0
A A 0
A A 0
T T 0
A A 0
C C 0
C C 0
G G 0
A A 0
T T 0
C C 0
A A 0
G G 0
G G 0
T T 0
T T 0
A A 0
T T 0
C C 0
G G 0
A A 0
A A 0
G G 0
T T 0
G G 0
T T 0
T T 0
T T 0
G G 0
T T 0
G G 0
A A 0
T T 0
T T 0
G G 0
G G 0
C C 0
G G 0
T T 0
C C 0
G G 0
G G 0
T T 0
G G 0
G G 0
C C 0
G G 0
T T 0
T T 0
G G 0
G G 0
C C 0
G G 0
G G 0
T T 0
G G 0
C C 0
G G 0
C C 0
T T 0
G G 0
C C 0
T T 0
G G 0
G G 0
A A 0
G G 0
C C 0
A A 0
A A 0
C C 0
T T 0
G G 0
A A 0
A A 0
G G 0
C C 0
G G 0
T T 0
C C 0
A A 0
G G 0
C C 0
A A 0
A A 0
A A 0
G G 0
C C 0
T T 0
G G 0
G G 0
C T 1
T T 0
G G 0
A A 0
A A 0
G G 0
A A 0
A A 0
T T 0
A A 0
A A 0
A A 0
C C 0
A A 0
T T 0
A A 0
T T 0
C C 0
G G 0
A A 0
C C 0
T T 0
T T 0
A A 0
C C 0
G G 0
T T 0
G G 0
T T 0
C C 0
T T 0
G G 0
C C 0
G G 0
G G 0
T T 0
G G 0
T T 0
T T 0
G G 0
C C 0
C T 1
A A 0
A A 0
C C 0
T T 0
C C 0
G G 0
A A 0
A A 0
G G 0
G G 0
C C 0
T T 0
C C 0
T T 0
G G 0
C C 0
T T 0
C C 0
A A 0
C C 0
C C 0
A A 0
A A 0
T T 0
G G 0
T T 0
A G 1
C C 0
A A 0
T T 0
G G 0
G G 0
C C 0
C C 0
T T 0
T A 1
A A 0
A A 0
T T 0
C C 0
T T 0
G G 0
G G 0
A A 0
A A 0
A A 0
A A 0
C C 0
T T 0
G G 0
G G 0
C C 0
A A 0
G G 0
G G 0
A A 0
A A 0
G G 0
A A 0
A A 0
C C 0
T T 0
G G 0
G G 0
C C 0
G G 0
C C 0
A A 0
A A 0
G G 0
C C 0
C C 0
A A 0
A A 0
A A 0
G G 0
A A 0
G G 0
C C 0
C C 0
G G 0
T T 0
T T 0
T T 0
A A 0
A A 0
T T 0
C C 0
T T 0
C C 0
G G 0
G G 0
G G 0
C C 0
G G 0
C C 0
T T 0
T T 0
A A 0
A A 0
T T 0
T T 0
C C 0
G G 0
C C 0
C C 0
T T 0
C C 0
G G 0
T T 0
G G 0
A A 0
A A 0
A A 0
G G 0
A A 0
A A 0
T T 0
A A 0
T T 0
C C 0
A A 0
T T 0
C C 0
T T 0
G G 0
C C 0
T T 0
G G 0
A A 0
A A 0
C C 0
C C 0
C C 0
G G 0
G G 0
T T 0
C C 0
A A 0
T T 0
T T 0
G G 0
T T 0
T T 0
G G 0
A A 0
C C 0
T T 0
G G 0
C C 0
A A 0
C C 0
T C 1
T T 0
C C 0
C C 0
A A 0
G G 0
C C 0
C C 0
A A 0
G G 0
G G 0
C C 0
A A 0
G G 0
T T 0
G G 0
G G 0
C C 0
G G 0
G G 0
A A 0
T T 0
C C 0
A A 0
A A 0
T T 0
A A 0
T T 0
G G 0
C C 0
C C 0
G G 0
A A 0
C C 0
T T 0
T T 0
C C 0
C C 0
T T 0
G G 0
C C 0
G G 0
C C 0
G G 0
A A 0
A A 0
G G 0
G G 0
T T 0
T T 0
T T 0
C C 0
C C 0
A A 0
C C 0
G G 0
T T 0
T T 0
G G 0
T T 0
C C 0
A A 0
C C 0
G G 0
C C 0
C C 0
G G 0
A A 0
A A 0
C C 0
A A 0
A A 0
A A 0
A A 0
A A 0
G G 0
G G 0
C C 0
C C 0
A A 0
A A 0
C C 0
A A 0
C C 0
C C 0
T T 0
C C 0
G G 0
T T 0
C C 0
G G 0
A A 0
T T 0
G G 0
G G 0
A A 0
T T 0
T T 0
A A 0
C C 0
T T 0
A A 0
C C 0
C C 0
A A 0
T T 0
C C 0
A T 1
G G 0
T T 0
T T 0
G G 0
C C 0
G G 0
T T 0
T C 1
A A 0
T T 0
G G 0
C C 0
G G 0
G G 0
C C 0
G T 1
G G 0
A A 0
A A 0
A A 0
A A 0
A A 0
T T 0
C C 0
G G 0
C C 0
G G 0
G G 0
C C 0
G G 0
T T 0
A A 0
A A 0
A A 0
T T 0
T T 0
C C 0
C C 0
T T 0
C C 0
T T 0
A A 0
T T 0
G G 0
A A 0
C C 0
A A 0
C C 0
C C 0
A A 0
A A 0
C C 0
G G 0
T T 0
T T 0
G G 0
G G 0
G G 0
G G 0
C C 0
T T 0
G G 0
G G 0
A A 0
T T 0
T T 0
A A 0
C C 0
C C 0
G G 0
G G 0
T T 0
T T 0
A A 0
T T 0
T T 0
G G 0
A A 0
G G 0
A A 0
A A 0
C C 0
C C 0
T T 0
G G 0
C C 0
A A 0
A A 0
A A 0
A A 0
T T 0
C C 0
T T 0
G G 0
C C 0
T T 0
C C 0
A A 0
A A 0
T T 0
G G 0
C C 0
A T 1
G G 0
G G 0
T T 0
G G 0
A A 0
T T 0
G G 0
A A 0
A A 0
T T 0
T T 0
G G 0
A A 0
T T 0
G G 0
A A 0
A A 0
G G 0
T T 0
T T 0
C C 0
T T 0
C C 0
C C 0
G G 0
G G 0
C C 0
A A 0
T T 0
T T 0
C C 0
T T 0
T T 0
T T 0
C C 0
T A 1
G G 0
G G 0
T T 0
T T 0
C C 0
G G 0
C C 0
T T 0
T T 0
T T 0
C C 0
T T 0
T T 0
A A 0
T T 0
A A 0
T T 0
C C 0
T T 0
T T 0
C C 0
G G 0
G G 0
C C 0
A A 0
A A 0
G G 0
T T 0
T T 0
A A 0
G G 0
A A 0
C C 0
G G 0
A A 0
A A 0
G G 0
G G 0
C C 0
A A 0
T T 0
G G 0
A A 0
G G 0
T T 0
T T 0
T T 0
C C 0
T T 0
C C 0
C C 0
G G 0
A A 0
G G 0
G G 0
C C 0
G G 0
A A 0
C C 0
C T 1
A A 0
C C 0
G G 0
C C 0
T T 0
G G 0
G G 0
C C 0
G G 0
C C 0
G G 0
G G 0
G G 0
A A 0
A A 0
A A 0
T T 0
G G 0
G G 0
G G 0
T T 0
T T 0
A A 0
T T 0
A A 0
C C 0
C C 0
G G 0
A A 0
A A 0
C C 0
C C 0
G G 0
G G 0
A A 0
C T 1
C C 0
C C 0
G G 0
C C 0
G G 0
A A 0
G G 0
A A 0
T T 0
G G 0
A A 0
T T 0
C C 0
T T 0
T T 0
T T 0
C C 0
T T 0
G G 0
G G 0
T T 0
A A 0
T T 0
G G 0
G G 0
A A 0
T T 0
G G 0
T T 0
G A 1
G G 0
C C 0
G G 0
C C 0
G G 0
T T 0
A A 0
A A 0
A A 0
C C 0
T T 0
A A 0
T T 0
T T 0
G A 1
A A 0
T T 0
T T 0
C C 0
T T 0
C C 0
G G 0
C C 0
T T 0
C C 0
G G 0
T T 0
G G 0
A A 0
A A 0
A A 0
C C 0
G G 0
G G 0
G G 0
A A 0
C C 0
G G 0
T T 0
G G 0
A A 0
A A 0
C C 0
T T 0
G G 0
G G 0
A A 0
G G 0
C C 0
T T 0
G G 0
G G 0
C C 0
G G 0
G G 0
A A 0
T T 0
A A 0
T T 0
T T 0
G G 0
A A 0
A A 0
A A 0
T T 0
T T 0
G G 0
A A 0
A A 0
C C 0
C C 0
T T 0
G G 0
T T 0
G G 0
C C 0
T T 0
G G 0
C C 0
C C 0
C C 0
G G 0
C C 0
A A 0
G G 0
A A 0
G G 0
T T 0
T T 0
T T 0
A A 0
A A 0
C C 0
G G 0
C C 0
C T 1
G G 0
A A 0
G G 0
G G 0
G G 0
T T 0
G G 0
A A 0
T T 0
G G 0
T T 0
T T 0
G G 0
C C 0
C C 0
G G 0
C C 0
T T 0
T T 0
T T 0
T T 0
A A 0
T T 0
G G 0
G G 0
C C 0
G G 0
A A 0
A A 0
T T 0
C C 0
T T 0
G G 0
T T 0
C C 0
A A 0
C C 0
A A 0
A G 1
C C 0
T T 0
C C 0
G G 0
A A 0
C C 0
G G 0
A A 0
T T 0
C C 0
T T 0
C C 0
T T 0
T T 0
T T 0
G G 0
C C 0
C C 0
G G 0
C C 0
G G 0
C C 0
G G 0
C C 0
G G 0
T T 0
G G 0
G G 0
C C 0
G G 0
A A 0
A A 0
G G 0
G G 0
C C 0
C C 0
C C 0
G G 0
T T 0
G G 0
A A 0
T T 0
G G 0
A A 0
A A 0
G G 0
G G 0
A A 0
A A 0
A A 0
A A 0
G G 0
T T 0
T T 0
T T 0
T T 0
G G 0
C C 0
G G 0
C C 0
T T 0
A A 0
T T 0
G G 0
T T 0
T T 0
G G 0
G G 0
C C 0
A A 0
A A 0
T T 0
A A 0
T T 0
T T 0
G G 0
A A 0
T T 0
G G 0
A A 0
A A 0
G G 0
A A 0
T T 0
G G 0
G G 0
C C 0
G G 0
T T 0
C C 0
T T 0
G G 0
C C 0
C C 0
G G 0
C C 0
G G 0
T T 0
G G 0
A A 0
A A 0
G G 0
A A 0
T T 0
T T 0
G G 0
C C 0
C C 0
G G 0
A A 0
A A 0
G G 0
T T 0
G G 0
G G 0
A A 0
T T 0
G G 0
G G 0
T T 0
A A 0
A A 0
T T 0
G G 0
A A 0
T T 0
C C 0
C C 0
G G 0
C C 0
T T 0
G G 0
T T 0
T T 0
C C 0
A A 0
A A 0
A A 0
G G 0
T T 0
G G 0
A A 0
A A 0
A A 0
A A 0
A A 0
T T 0
G G 0
G G 0
C C 0
G G 0
A A 0
A A 0
A A 0
A A 0
C C 0
G G 0
C C 0
C C 0
C C 0
T T 0
G G 0
G G 0
C C 0
C C 0
T T 0
T T 0
C T 1
T T 0
A A 0
T T 0
A A 0
G G 0
C C 0
C C 0
A A 0
C C 0
T T 0
A A 0
T T 0
T T 0
A A 0
T T 0
C C 0
A A 0
G G 0
C C 0
C C 0
G G 0
C C 0
T T 0
G G 0
C C 0
C C 0
G G 0
T T 0
T T 0
G G 0
G G 0
T T 0
A G 1
C C 0
T T 0
G G 0
C C 0
G G 0
C C 0
G G 0
G G 0
A A 0
T T 0
A A 0
T T 0
G G 0
G G 0
T T 0
G G 0
C C 0
G G 0
G G 0
G G 0
C C 0
A A 0
A A 0
T T 0
G G 0
A A 0
C C 0
G G 0
T T 0
T T 0
A A 0
C C 0
A C 1
G G 0
C C 0
T T 0
G G 0
C C 0
C C 0
G G 0
G G 0
T T 0
G G 0
T T 0
C C 0
T T 0
T T 0
T T 0
G G 0
C C 0
T C 1
G G 0
A A 0
T T 0
C C 0
T T 0
G G 0
C C 0
T T 0
A A 0
C C 0
G G 0
T T 0
A A 0
C C 0
C C 0
C C 0
T T 0
C C 0
T T 0
C C 0
A A 0
T T 0
G G 0
G G 0
A A 0
A A 0
G G 0
T T 0
T T 0
A A 0
G G 0
G G 0
A A 0
G G 0
T T 0
C C 0
T T 0
G G 0
A A 0
C C 0
A A 0
T T 0
G G 0
G G 0
T T 0
T T 0
A A 0
A A 0
A A 0
G G 0
T T 0
T T 0
T T 0
A A 0
T T 0
G G 0
C C 0
C C 0
C C 0
C C 0
G G 0
G G 0
C C 0
T T 0
T T 0
C C 0
C C 0
A A 0
G G 0
T T 0
G G 0
C C 0
C C 0
A A 0
A A 0
T T 0
A A 0
T T 0
G G 0
A A 0
G G 0
C C 0
G G 0
T T 0
C C 0
G G 0
G G 0
G G 0
T T 0
T T 0
T T 0
G G 0
A A 0
T T 0
G G 0
T T 0
G G 0
C C 0
T T 0
C C 0
G G 0
G G 0
G G 0
G G 0
C C 0
G G 0
G G 0
C C 0
G G 0
G G 0
T T 0
G G 0
A A 0
C C 0
A A 0
C C 0
C C 0
T C 1
G G 0
T T 0
T T 0
G G 0
A A 0
T T 0
G G 0
G G 0
T T 0
G G 0
C C 0
A A 0
T T 0
T T 0
G G 0
C C 0
T T 0
C C 0
G G 0
G G 0
A A 0
G G 0
A A 0
T T 0
G G 0
T T 0
A A 0
G G 0
T T 0
C C 0
A A 0
C C 0
G G 0
G G 0
T T 0
T T 0
G G 0
A A 0
G G 0
G T 1
C C 0
G G 0
G G 0
C C 0
A A 0
G G 0
A A 0
G G 0
A A 0
C C 0
A A 0
T T 0
T T 0
C C 0
A A 0
G G 0
T T 0
C C 0
T T 0
C C 0
A A 0
A A 0
C C 0
A A 0
A A 0
C C 0
C C 0
T T 0
C C 0
G G 0
G G 0
A A 0
C C 0
G G 0
C C 0
T T 0
T T 0
T T 0
G G 0
C C 0
C C 0
G G 0
A A 0
T T 0
A A 0
A A 0
G G 0
C C 0
T T 0
G G 0
C C 0
C C 0
G G 0
T T 0
C C 0
A A 0
G G 0
A A 0
A A 0
C C 0
C C 0
A A 0
C C 0
G G 0
G G 0
G G 0
A A 0
A A 0
A A 0
A A 0
T T 0
A A 0
T T 0
C C 0
G G 0
T T 0
T T 0
T T 0
A A 0
T T 0
C C 0
A A 0
G G 0
T T 0
G G 0
C C 0
T T 0
G G 0
G G 0
G G 0
A A 0
G G 0
C C 0
G G 0
T T 0
T T 0
T T 0
T T 0
T T 0
G G 0
C C 0
C C 0
A A 0
G G 0
G G 0
A A 0
A G 1
C C 0
T T 0
G G 0
G G 0
G G 0
T C 1
A A 0
A A 0
G G 0
C C 0
A A 0
A A 0
A A 0
T T 0
T T 0
C C 0
C C 0
A A 0
G G 0
T T 0
G G 0
G G 0
C C 0
G G 0
A A 0
T T 0
G G 0
A A 0
C C 0
C T 1
C C 0
T T 0
G G 0
G G 0
A A 0
A A 0
A A 0
A A 0
G G 0
A A 0
A A 0
T T 0
A A 0
T T 0
G G 0
C C 0
C C 0
G G 0
A A 0
T T 0
C C 0
G G 0
G G 0
T T 0
T T 0
C C 0
G G 0
G G 0
G G 0
C C 0
T T 0
T T 0
A A 0
G G 0
G G 0
C C 0
T T 0
C C 0
C C 0
A A 0
G G 0
T C 1
G G 0
C C 0
C C 0
T T 0
G G 0
T T 0
T T 0
C C 0
G G 0
G G 0
T T 0
G G 0
G G 0
T T 0
C C 0
G G 0
C C 0
G G 0
G G 0
C C 0
G T 1
C C 0
T T 0
G G 0
A A 0
T T 0
G G 0
G G 0
C C 0
G G 0
A A 0
T T 0
G G 0
A A 0
A A 0
T T 0
G G 0
A A 0
A A 0
C C 0
A A 0
C C 0
T T 0
G G 0
C C 0
G G 0
G G 0
C C 0
A A 0
A A 0
G G 0
C C 0
C C 0
G G 0
C C 0
T T 0
T T 0
A A 0
A A 0
T T 0
G G 0
A A 0
C C 0
A A 0
C C 0
T C 1
C C 0
G G 0
T T 0
T T 0
T T 0
G G 0
C C 0
T T 0
G G 0
G G 0
C C 0
T T 0
T T 0
T T 0
G G 0
A A 0
T T 0
G G 0
G G 0
G G 0
C C 0
G G 0
A A 0
G G 0
C C 0
T T 0
G G 0
G G 0
A A 0
A A 0
G G 0
G G 0
C A 1
C C 0
G G 0
T A 1
A A 0
T T 0
C C 0
T T 0
C C 0
C C 0
G G 0
G G 0
C C 0
A A 0
G G 0
C C 0
A A 0
T T 0
T T 0
C C 0
A A 0
T T 0
T T 0
A A 0
C C 0
G G 0
A A 0
C C 0
A A 0
A A 0
C C 0
G G 0
T T 0
G G 0
G G 0
C C 0
A A 0
C C 0
C C 0
G G 0
T T 0
G G 0
T T 0
T T 0
T T 0
T T 0
C C 0
T T 0
C T 1
G G 0
G G 0
T T 0
G G 0
G G 0
T T 0
A A 0
T T 0
G G 0
C C 0
A A 0
G G 0
T T 0
T T 0
G G 0
A A 0
T T 0
G G 0
A A 0
T T 0
C C 0
G G 0
A A 0
A A 0
G G 0
A A 0
A A 0
A A 0
A A 0
C C 0
G G 0
A A 0
C C 0
A A 0
T T 0
C C 0
A A 0
T T 0
C C 0
A A 0
G G 0
C C 0
C C 0
A A 0
G G 0
C C 0
A A 0
A A 0
G G 0
T T 0
G G 0
C C 0
C C 0
A A 0
G G 0
G G 0
G G 0
T T 0
T T 0
T T 0
G G 0
A A 0
T T 0
G G 0
A A 0
G G 0
T T 0
G G 0
G G 0
C C 0
T T 0
G G 0
T T 0
G G 0
G G 0
G G 0
T T 0
G G 0
C C 0
T T 0
G G 0
G G 0
C C 0
G G 0
T T 0
A A 0
T T 0
C C 0
C C 0
G G 0
G G 0
G G 0
G G 0
A A 0
T T 0
T T 0
A A 0
A A 0
A A 0
G G 0
T T 0
C C 0
T T 0
C C 0
G G 0
A A 0
C C 0
G G 0
G G 0
C C 0
A A 0
G G 0
A A 0
A A 0
G G 0
C C 0
C C 0
A C 1
G G 0
G G 0
G G 0
C C 0
T T 0
A A 0
T T 0
T T 0
T T 0
T T 0
A A 0
C C 0
C C 0
G G 0
G G 0
C C 0
G G 0
C C 0
A A 0
G G 0
T T 0
A A 0
T T 0
C C 0
G G 0
C C 0
C C 0
G G 0
C C 0
C C 0
A A 0
G G 0
G G 0
A A 0
T T 0
T T 0
G G 0
C C 0
A A 0
T T 0
T T 0
G G 0
C C 0
G G 0
C C 0
A A 0
C C 0
G G 0
G G 0
G G 0
C C 0
G G 0
A A 0
C C 0
A A 0
T C 1
C T 1
T T 0
G G 0
G G 0
C C 0
A A 0
G G 0
G G 0
C C 0
T T 0
T T 0
C C 0
A A 0
T T 0
T T 0
C C 0
A A 0
C C 0
G G 0
C C 0
C C 0
T T 0
G G 0
C C 0
T T 0
A A 0
T T 0
T T 0
C C 0
C C 0
C C 0
G G 0
T T 0
C C 0
A A 0
G G 0
C C 0
C C 0
T T 0
G G 0
A A 0
G G 0
C C 0
T T 0
T T 0
G G 0
C C 0
C C 0
G G 0
C C 0
G G 0
A A 0
A A 0
G G 0
C C 0
T T 0
G G 0
A A 0
T T 0
G G 0
A A 0
A A 0
A A 0
G G 0
A A 0
T T 0
G G 0
T T 0
T T 0
A A 0
T T 0
C C 0
G G 0
C C 0
T A 1
G G 0
A A 0
A A 0
C C 0
C C 0
C C 0
T T 0
A A 0
C C 0
C C 0
G G 0
T T 0
G G 0
A A 0
A A 0
C C 0
G G 0
G G 0
T T 0
T T 0
A A 0
C C 0
T T 0
G G 0
C C 0
C C 0
A T 1
G G 0
G G 0
C C 0
T T 0
T T 0
C C 0
C C 0
G G 0
G G 0
C C 0
A A 0
G G 0
G G 0
C C 0
G G 0
C C 0
G G 0
G G 0
C C 0
A A 0
G G 0
G G 0
C C 0
G G 0
G G 0
T T 0
C C 0
G G 0
C C 0
G G 0
G G 0
A A 0
A A 0
A A 0
T T 0
C C 0
G G 0
G G 0
C C 0
G G 0
C C 0
G G 0
G G 0
T T 0
A A 0
G G 0
C C 0
G G 0
A A 0
G G 0
C C 0
G G 0
G G 0
T T 0
A A 0
T T 0
C C 0
T T 0
C C 0
C C 0
G G 0
G G 0
C C 0
T T 0
C C 0
C C 0
G G 0
G G 0
C C 0
C C 0
C C 0
G G 0
A A 0
C C 0
C C 0
T T 0
T T 0
G G 0
T T 0
T T 0
C T 1
G G 0
C C 0
T T 0
C C 0
T T 0
G G 0
T T 0
G G 0
T T 0
G G 0
A A 0
C C 0
A A 0
A A 0
G G 0
C C 0
C C 0
G G 0
G G 0
A A 0
A T 1
A A 0
C C 0
C C 0
G G 0
C C 0
C C 0
C C 0
A A 0
G G 0
C C 0
G G 0
C C 0
G G 0
T T 0
T T 0
G G 0
C C 0
C C 0
G G 0
A A 0
C C 0
T T 0
G G 0
G G 0
T T 0
T T 0
G G 0
G G 0
G G 0
T T 0
A A 0
A A 0
G G 0
A A 0
A A 0
C C 0
T T 0
A A 0
C C 0
C C 0
T T 0
G G 0
C C 0
A A 0
A A 0
A A 0
A A 0
T T 0
C C 0
A A 0
G G 0
G G 0
A A 0
A A 0
G G 0
G G 0
T T 0
T T 0
T T 0
T T 0
G G 0
T T 0
T T 0
C C 0
A A 0
T T 0
A A 0
T T 0
T T 0
T T 0
G G 0
C C 0
C C 0
G G 0
G G 0
C C 0
T T 0
G G 0
G G 0
A A 0
T T 0
A A 0
C C 0
G G 0
G G 0
C C 0
G G 0
G G 0
G G 0
C C 0
G G 0
C C 0
A A 0
C C 0
G G 0
A A 0
G G 0
T T 0
A A 0
C C 0
T T 0
G G 0
G G 0
A A 0
A A 0
A A 0
A A 0
C C 0
T T 0
A A 0
A A 0
A A 0
T T 0
G G 0
A A 0
A A 0
A A 0
C C 0
T T 0
C C 0
T T 0
A A 0
C C 0
A A 0
A A 0
T T 0
C C 0
T T 0
G T 1
A A 0
A A 0
A A 0
G G 0
A A 0
T T 0
C C 0
A A 0
C C 0
A A 0
A A 0
C T 1
G G 0
A A 0
G G 0
C C 0
A A 0
G G 0
G G 0
T T 0
C C 0
A A 0
G G 0
C C 0
T T 0
T T 0
T T 0
G G 0
C C 0
G G 0
C C 0
A A 0
A A 0
G G 0
C C 0
C C 0
G G 0
T T 0
A A 0
A A 0
C C 0
C C 0
C C 0
A A 0
G G 0
G G 0
G G 0
G G 0
T T 0
T T 0
G G 0
G G 0
G G 0
C C 0
A A 0
A A 0
A A 0
A A 0
A A 0
T T 0
C C 0
A A 0
G G 0
G G 0
G G 0
G G 0
C C 0
T T 0
G G 0
T T 0
T T 0
T T 0
T T 0
T T 0
T T 0
C C 0
C C 0
G G 0
C C 0
A A 0
C C 0
G G 0
A A 0
C C 0
C C 0
T T 0
G G 0
C C 0
C C 0
G G 0
G G 0
A A 0
A A 0
T T 0
T T 0
C C 0
A A 0
G G 0
C C 0
C C 0
T T 0
G G 0
A A 0
C C 0
T T 0
G G 0
A A 0
A A 0
A A 0
T T 0
T T 0
G G 0
A A 0
T T 0
G G 0
A A 0
G G 0
A A 0
T T 0
G G 0
C C 0
T T 0
G G 0
A A 0
A A 0
G G 0
C C 0
T T 0
G G 0
G G 0
A A 0
T T 0
T T 0
T T 0
T T 0
G G 0
T T 0
C C 0
A A 0
C C 0
C C 0
C C 0
G G 0
C C 0
A A 0
G G 0
T T 0
G G 0
C C 0
G G 0
A A 0
A A 0
G G 0
A A 0
T T 0
C C 0
C C 0
T T 0
C C 0
T T 0
C C 0
G G 0
G G 0
C C 0
G G 0
T T 0
T T 0
T T 0
A A 0
T T 0
T T 0
G G 0
G G 0
T T 0
G G 0
A A 0
T T 0
G G 0
A A 0
A A 0
A A 0
T T 0
C C 0
C C 0
C C 0
A G 1
C C 0
A A 0
G G 0
G G 0
A A 0
A A 0
A A 0
T T 0
C C 0
C C 0
T T 0
G G 0
G G 0
A A 0
A A 0
G G 0
A A 0
G G 0
C C 0
G G 0
C C 0
G G 0
T T 0
G G 0
C C 0
G G 0
C C 0
G G 0
C C 0
G G 0
G G 0
C C 0
G G 0
T T 0
T T 0
T T 0
G G 0
C C 0
C C 0
T T 0
T T 0
C C 0
C C 0
C C 0
G G 0
G G 0
C C 0
T T 0
C C 0
C C 0
G G 0
G G 0
T T 0
C C 0
G G 0
C C 0
C C 0
A A 0
A A 0
T T 0
G G 0
T T 0
T T 0
G G 0
A A 0
A A 0
A A 0
G G 0
C C 0
G G 0
A A 0
T T 0
G G 0
T T 0
C C 0
G G 0
G G 0
T T 0
T T 0
G G 0
T T 0
C C 0
T T 0
G G 0
G G 0
A A 0
A A 0
T T 0
T T 0
G G 0
T T 0
T T 0
C C 0
C C 0
A A 0
C C 0
G G 0
G G 0
G G 0
C C 0
C C 0
A A 0
A A 0
C C 0
G G 0
C C 0
T T 0
G G 0
G G 0
C C 0
A A 0
T T 0
T T 0
T T 0
A A 0
A A 0
A A 0
G G 0
A A 0
T T 0
T T 0
T T 0
C C 0
G G 0
G G 0
C C 0
G G 0
G G 0
T T 0
C C 0
G G 0
C C 0
T T 0
T T 0
T T 0
A A 0
T T 0
G G 0
G G 0
C C 0
A A 0
C C 0
A A 0
A A 0
A A 0
T T 0
G G 0
C C 0
T T 0
G G 0
A A 0
C C 0
C C 0
C C 0
A A 0
T T 0
A A 0
T T 0
T T 0
G G 0
C C 0
G G 0
G G 0
G G 0
T C 1
G G 0
A A 0
T T 0
A A 0
A A 0
G G 0
C C 0
C C 0
A A 0
G G 0
T T 0
G G 0
A A 0
C C 0
C C 0
A A 0
T T 0
T T 0
C C 0
T T 0
G G 0
A A 0
C C 0
C C 0
G G 0
C C 0
G G 0
A A 0
C C 0
C C 0
T T 0
C C 0
C C 0
G G 0
G G 0
T T 0
G G 0
A A 0
T T 0
A A 0
C C 0
C C 0
G G 0
G G 0
A A 0
G G 0
C C 0
G G 0
G G 0
C C 0
A A 0
G G 0
T T 0
G G 0
G G 0
C C 0
T T 0
C C 0
A A 0
T T 0
G G 0
C C 0
T T 0
T T 0
T T 0
C C 0
T T 0
A A 0
C C 0
G G 0
G G 0
T T 0
T T 0
T T 0
A A 0
C C 0
C C 0
G G 0
A A 0
A A 0
T T 0
G G 0
T T 0
G G 0
A A 0
A A 0
A A 0
G G 0
T T 0
G G 0
G G 0
T T 0
T T 0
A A 0
T T 0
C C 0
C C 0
T T 0
C T 1
T T 0
A A 0
T T 0
C C 0
C C 0
A A 0
C C 0
G G 0
A A 0
G G 0
G G 0
C C 0
A A 0
A A 0
A A 0
A A 0
T T 0
C C 0
A A 0
G G 0
T T 0
C C 0
C C 0
A A 0
C C 0
T T 0
G G 0
C C 0
A A 0
A A 0
G G 0
A A 0
A A 0
A A 0
A A 0
A A 0
C C 0
T T 0
G G 0
T T 0
T T 0
C C 0
T T 0
G G 0
T T 0
A A 0
C C 0
A A 0
T T 0
T T 0
G G 0
G G 0
G G 0
C C 0
G G 0
G G 0
C C 0
A A 0
A A 0
T T 0
A A 0
T T 0
C C 0
G G 0
A A 0
A A 0
A A 0
C C 0
T T 0
G G 0
T T 0
T T 0
G G 0
C C 0
C C 0
A A 0
T T 0
C C 0
G G 0
A A 0
C C 0
G G 0
G G 0
C C 0
G G 0
A A 0
T T 0
T T 0
T T 0
C C 0
G G 0
A A 0
T T 0
G G 0
C C 0
C C 0
T T 0
G G 0
T T 0
C C 0
A A 0
G G 0
G G 0
C C 0
G G 0
C C 0
T T 0
G G 0
G G 0
T T 0
G G 0
A A 0
A A 0
G G 0
C C 0
A A 0
G G 0
G G 0
C C 0
G G 0
T T 0
T T 0
T T 0
G G 0
A A 0
T T 0
G G 0
A A 0
T T 0
G G 0
A A 0
A A 0
G G 0
A A 0
A G 1
C C 0
T T 0
G G 0
A A 0
A A 0
A A 0
G G 0
T T 0
G G 0
G G 0
C C 0
G G 0
C C 0
T T 0
A G 1
G G 0
G G 0
G G 0
T T 0
T T 0
A A 0
A A 0
A A 0
C C 0
T T 0
C C 0
G A 1
G G 0
C C 0
T T 0
A A 0
A A 0
C C 0
T T 0
C C 0
G G 0
A A 0
T T 0
T T 0
A A 0
A A 0
C C 0
A A 0
T T 0
C T 1
A A 0
G G 0
C C 0
C C 0
G G 0
T G 1
T T 0
T T 0
G G 0
C C 0
T T 0
G G 0
G G 0
C C 0
G G 0
C C 0
A A 0
G G 0
A A 0
T T 0
T T 0
T T 0
G G 0
C C 0
T T 0
A A 0
C C 0
T T 0
A A 0
C C 0
T T 0
T T 0
T T 0
G G 0
A A 0
A A 0
G G 0
C C 0
T A 1
G G 0
T T 0
T T 0
G G 0
C C 0
G G 0
C C 0
A A 0
G G 0
C C 0
T T 0
G G 0
C C 0
C C 0
G G 0
C C 0
A A 0
G G 0
G G 0
A A 0
G A 1
A G 1
C C 0
G G 0
C C 0
G G 0
C C 0
A A 0
A A 0
C C 0
C C 0
A A 0
G G 0
C C 0
T T 0
G G 0
G G 0
T T 0
T T 0
G G 0
T T 0
C C 0
T T 0
C C 0
G G 0
G G 0
T T 0
G G 0
C C 0
C C 0
A A 0
A A 0
G G 0
C C 0
G G 0
G G 0
A A 0
A A 0
A A 0
C C 0
T T 0
T T 0
C C 0
G G 0
G G 0
C C 0
G G 0
A A 0
T T 0
T T 0
T T 0
G G 0
A A 0
C C 0
G G 0
G G 0
C C 0
G G 0
G G 0
G G 0
T T 0
C C 0
T T 0
G G 0
C C 0
T T 0
G G 0
G G 0
C C 0
G G 0
A A 0
A A 0
G G 0
T T 0
C C 0
A A 0
C C 0
T T 0
C C 0
G G 0
G G 0
T T 0
C C 0
T T 0
G G 0
C C 0
C C 0
G G 0
G G 0
T T 0
G G 0
A A 0
A A 0
A A 0
C C 0
G G 0
T T 0
T T 0
T T 0
T T 0
A A 0
T T 0
T T 0
G G 0
C C 0
T T 0
G G 0
C C 0
G G 0
A A 0
C C 0
C C 0
A A 0
A A 0
C C 0
G G 0
T T 0
G G 0
A A 0
A A 0
C C 0
G G 0
A A 0
T T 0
A A 0
C C 0
C C 0
G G 0
T T 0
G G 0
C C 0
C C 0
A A 0
C C 0
G G 0
T T 0
T T 0
T T 0
C C 0
C C 0
T T 0
G G 0
C C 0
A A 0
C T 1
G G 0
A A 0
C C 0
G G 0
G G 0
T T 0
C C 0
A A 0
G G 0
T T 0
G G 0
G G 0
T T 0
C C 0
A A 0
C C 0
C C 0
C C 0
A A 0
A A 0
A A 0
G G 0
C C 0
G G 0
A A 0
C C 0
T T 0
C C 0
A A 0
G G 0
G G 0
C C 0
G G 0
A A 0
C C 0
G G 0
T T 0
T T 0
A A 0
T T 0
C C 0
C C 0
A A 0
A A 0
C C 0
G G 0
C C 0
G G 0
A A 0
T T 0
G G 0
G G 0
A A 0
C C 0
G G 0
T T 0
G G 0
A A 0
G G 0
T T 0
C C 0
A A 0
G G 0
C C 0
C C 0
G G 0
A A 0
A A 0
C C 0
A A 0
A A 0
C C 0
T T 0
G G 0
G G 0
C C 0
C C 0
G G 0
C C 0
G G 0
T T 0
G G 0
T T 0
G G 0
G G 0
A A 0
A A 0
G G 0
A A 0
G G 0
T T 0
T T 0
G G 0
T T 0
T T 0
C C 0
C C 0
G G 0
C C 0
C C 0
G G 0
C C 0
A A 0
A A 0
A A 0
A A 0
T T 0
C C 0
T T 0
G G 0
G G 0
C C 0
A A 0
A A 0
C C 0
T T 0
G G 0
A A 0
A A 0
A A 0
G G 0
A A 0
G G 0
C C 0
T T 0
G G 0
G G 0
G G 0
T T 0
T T 0
A A 0
T T 0
G G 0
C C 0
A C 1
G G 0
C C 0
C C 0
G G 0
T T 0
G G 0
G G 0
A A 0
T T 0
G G 0
A A 0
T T 0
G G 0
A A 0
A A 0
A A 0
C C 0
C C 0
A A 0
C C 0
G G 0
C C 0
A A 0
A A 0
C C 0
A A 0
G G 0
A A 0
C C 0
A A 0
A A 0
T T 0
G G 0
C C 0
G G 0
T T 0
G G 0
A A 0
G G 0
T T 0
T T 0
A A 0
A A 0
A A 0
A A 0
G G 0
A A 0
A A 0
C C 0
T T 0
G G 0
G G 0
G G 0
C C 0
T T 0
A A 0
C C 0
A A 0
C C 0
T T 0
T T 0
C C 0
G G 0
G G 0
A A 0
G G 0
C C 0
C C 0
G G 0
C C 0
A A 0
C C 0
G G 0
C C 0
T T 0
G G 0
C C 0
C C 0
G G 0
T T 0
A A 0
G G 0
C C 0
T G 1
T T 0
A A 0
T T 0
C C 0
G G 0
T T 0
G G 0
C C 0
G G 0
C C 0
T T 0
G G 0
C C 0
G G 0
T T 0
G G 0
A A 0
T C 1
C C 0
A A 0
G G 0
T T 0
T T 0
G G 0
A A 0
A A 0
T T 0
C C 0
C C 0
A A 0
G G 0
G G 0
C C 0
G G 0
A A 0
A A 0
T T 0
A A 0
T T 0
G G 0
G G 0
C C 0
T T 0
T T 0
G G 0
T T 0
T T 0
C C 0
C C 0
T T 0
C C 0
G G 0
G G 0
C C 0
A A 0
C C 0
C C 0
G G 0
C C 0
G G 0
C C 0
A A 0
T T 0
C C 0
C C 0
G G 0
G G 0
C C 0
G G 0
A A 0
A A 0
A A 0
T T 0
T T 0
T T 0
A A 0
A A 0
A A 0
G G 0
A A 0
G G 0
A A 0
G G 0
C C 0
G G 0
T T 0
G G 0
G G 0
A A 0
A A 0
G G 0
C C 0
G G 0
A A 0
T T 0
T T 0
C C 0
T T 0
C C 0
G G 0
G G 0
T T 0
G G 0
A A 0
A A 0
A A 0
C C 0
G G 0
T T 0
T T 0
G G 0
G G 0
A A 0
T T 0
C C 0
T T 0
G G 0
C C 0
C C 0
A A 0
A A 0
A A 0
A A 0
G G 0
A A 0
G G 0
C C 0
T T 0
G G 0
G G 0
C C 0
A A 0
G G 0
A A 0
A A 0
C C 0
G G 0
T T 0
G G 0
C C 0
T C 1
G G 0
A A 0
T T 0
T T 0
T T 0
A A 0
C C 0
C C 0
C C 0
T T 0
T T 0
G G 0
C C 0
T T 0
T T 0
T T 0
C C 0
A G 1
C C 0
A A 0
T T 0
A A 0
A A 0
T T 0
C C 0
T T 0
G G 0
C C 0
C C 0
C C 0
G G 0
C C 0
C C 0
G G 0
A A 0
T T 0
T T 0
T T 0
T - 2
G - 2
C - 2
T - 2
G - 2
C - 2
G - 2
T - 2
T - 2
G - 2
C - 2
G - 2
T - 2
A - 2
A - 2
A - 2
T - 2
